[debug] [2025-04-14T00:14:25.807Z] ----------------------------------------------------------------------
[debug] [2025-04-14T00:14:25.810Z] Command:       C:\Program Files\nodejs\node.exe C:\Program Files\nodejs\node_modules\firebase-tools\lib\bin\firebase.js init
[debug] [2025-04-14T00:14:25.810Z] CLI Version:   14.1.0
[debug] [2025-04-14T00:14:25.810Z] Platform:      win32
[debug] [2025-04-14T00:14:25.810Z] Node Version:  v20.0.0
[debug] [2025-04-14T00:14:25.810Z] Time:          Sun Apr 13 2025 20:14:25 GMT-0400 (hora de Bolivia)
[debug] [2025-04-14T00:14:25.810Z] ----------------------------------------------------------------------
[debug] 
[debug] [2025-04-14T00:14:25.815Z] > command requires scopes: ["email","openid","https://www.googleapis.com/auth/cloudplatformprojects.readonly","https://www.googleapis.com/auth/firebase","https://www.googleapis.com/auth/cloud-platform"]
[debug] [2025-04-14T00:14:25.815Z] > authorizing via signed-in user (paola.vilasecar@gmail.com)
[info] 
     ######## #### ########  ######## ########     ###     ######  ########
     ##        ##  ##     ## ##       ##     ##  ##   ##  ##       ##
     ######    ##  ########  ######   ########  #########  ######  ######
     ##        ##  ##    ##  ##       ##     ## ##     ##       ## ##
     ##       #### ##     ## ######## ########  ##     ##  ######  ########

You're about to initialize a Firebase project in this directory:

  D:\DomingoDeResurreccion\domingo-resurreccion

[info] 
=== Project Setup
[info] 
[info] First, let's associate this project directory with a Firebase project.
[info] You can create multiple project aliases by running firebase use --add, 
[info] but for now we'll just set up a default project.
[info] 
[debug] [2025-04-14T00:14:52.661Z] Checked if tokens are valid: false, expires at: 1712368412355
[debug] [2025-04-14T00:14:52.661Z] Checked if tokens are valid: false, expires at: 1712368412355
[debug] [2025-04-14T00:14:52.662Z] > refreshing access token with scopes: []
[debug] [2025-04-14T00:14:52.663Z] >>> [apiv2][query] POST https://www.googleapis.com/oauth2/v3/token [none]
[debug] [2025-04-14T00:14:52.663Z] >>> [apiv2][body] POST https://www.googleapis.com/oauth2/v3/token [omitted]
[debug] [2025-04-14T00:14:52.881Z] <<< [apiv2][status] POST https://www.googleapis.com/oauth2/v3/token 400
[debug] [2025-04-14T00:14:52.882Z] <<< [apiv2][body] POST https://www.googleapis.com/oauth2/v3/token [omitted]
[debug] [2025-04-14T00:14:52.882Z] >>> [apiv2][query] GET https://firebase.googleapis.com/v1beta1/availableProjects pageSize=100
[debug] [2025-04-14T00:14:53.038Z] <<< [apiv2][status] GET https://firebase.googleapis.com/v1beta1/availableProjects 401
[debug] [2025-04-14T00:14:53.038Z] <<< [apiv2][body] GET https://firebase.googleapis.com/v1beta1/availableProjects [omitted]
[debug] [2025-04-14T00:14:53.038Z] Got a 401 Unauthenticated error for a call that required authentication. Refreshing tokens.
[debug] [2025-04-14T00:14:53.038Z] Checked if tokens are valid: false, expires at: 1712368412355
[debug] [2025-04-14T00:14:53.038Z] Checked if tokens are valid: false, expires at: 1712368412355
[debug] [2025-04-14T00:14:53.038Z] > refreshing access token with scopes: []
[debug] [2025-04-14T00:14:53.038Z] >>> [apiv2][query] POST https://www.googleapis.com/oauth2/v3/token [none]
[debug] [2025-04-14T00:14:53.038Z] >>> [apiv2][body] POST https://www.googleapis.com/oauth2/v3/token [omitted]
[debug] [2025-04-14T00:14:53.098Z] <<< [apiv2][status] POST https://www.googleapis.com/oauth2/v3/token 400
[debug] [2025-04-14T00:14:53.098Z] <<< [apiv2][body] POST https://www.googleapis.com/oauth2/v3/token [omitted]
[debug] [2025-04-14T00:14:53.099Z] Request to https://firebase.googleapis.com/v1beta1/availableProjects?pageSize=100 had HTTP Error: 401, Request had invalid authentication credentials. Expected OAuth 2 access token, login cookie or other valid authentication credential. See https://developers.google.com/identity/sign-in/web/devconsole-project.
[debug] [2025-04-14T00:14:53.261Z] FirebaseError: Request to https://firebase.googleapis.com/v1beta1/availableProjects?pageSize=100 had HTTP Error: 401, Request had invalid authentication credentials. Expected OAuth 2 access token, login cookie or other valid authentication credential. See https://developers.google.com/identity/sign-in/web/devconsole-project.
    at responseToError (C:\Users\Usuario\AppData\Roaming\nvm\v20.0.0\node_modules\firebase-tools\lib\responseToError.js:52:12)
    at RetryOperation._fn (C:\Users\Usuario\AppData\Roaming\nvm\v20.0.0\node_modules\firebase-tools\lib\apiv2.js:312:77)
    at process.processTicksAndRejections (node:internal/process/task_queues:95:5)
[error] 
[error] Error: Failed to list available Google Cloud Platform projects. See firebase-debug.log for more info.
